---
source: scrapcore_serialization_macro/src/tests.rs
expression: check_registry(path)
input_file: scrapcore_serialization_macro/src/test_cases/registry/renaming_ids_failcase.rs
---
#[registry(error = ModelError)]
pub struct Model {
    #[model(singleton, id_name = ATestId)]
    test: A,
}
::core::compile_error! {
    "`id_name` conflicts with mutually exclusive `singleton`"
}
